%!Adobe-FontList 1.14
%Locale:0x409

%BeginFont
Handler:DirectoryHandler
FontType:TrueType
FontName:Chivo-Black
FamilyName:Chivo
StyleName:Black
MenuName:Chivo
StyleBits:2
WeightClass:900
WidthClass:5
AngleClass:0
FullName:Chivo Black
WritingScript:Roman
OutlineFileName:\Chivo-Black.ttf
DataFormat:sfntData
FileLength:55128
FileModTime:1361374639
%EndFont

%BeginFont
Handler:DirectoryHandler
FontType:TrueType
FontName:Chivo-BlackItalic
FamilyName:Chivo
StyleName:Black Italic
MenuName:Chivo
StyleBits:3
WeightClass:900
WidthClass:5
AngleClass:1
FullName:Chivo-BlackItalic
WritingScript:Roman
OutlineFileName:\Chivo-BlackItalic.ttf
DataFormat:sfntData
FileLength:32300
FileModTime:1361374639
%EndFont

%BeginFont
Handler:DirectoryHandler
FontType:TrueType
FontName:Chivo-Italic
FamilyName:Chivo
StyleName:Italic
MenuName:Chivo
StyleBits:1
WeightClass:400
WidthClass:5
AngleClass:1
FullName:Chivo-Italic
WritingScript:Roman
OutlineFileName:\Chivo-Italic.ttf
DataFormat:sfntData
FileLength:30840
FileModTime:1361374639
%EndFont

%BeginFont
Handler:DirectoryHandler
FontType:TrueType
FontName:Chivo-Regular
FamilyName:Chivo
StyleName:Regular
MenuName:Chivo
StyleBits:0
WeightClass:400
WidthClass:5
AngleClass:0
FullName:Chivo
WritingScript:Roman
OutlineFileName:\Chivo-Regular.ttf
DataFormat:sfntData
FileLength:50844
FileModTime:1361374639
%EndFont

%BeginFont
Handler:DirectoryHandler
FontType:Type1
FontName:MinionPro-Regular
FamilyName:Minion Pro
StyleName:Regular
MenuName:Minion Pro
StyleBits:0
WeightClass:400
WidthClass:5
AngleClass:0
FullName:Minion Pro
WritingScript:Roman
OutlineFileName:\MinionPro-Regular.otf
DataFormat:sfntData
UsesStandardEncoding:yes
isCFF:yes
FileLength:217280
FileModTime:1361374639
DesignSize:110
%EndFont

